Downloading https://github.com/madler/zlib/archive/v1.3.1.tar.gz -> madler-zlib-v1.3.1.tar.gz
Successfully downloaded madler-zlib-v1.3.1.tar.gz
-- Extracting source C:/Users/mdail.COMPADMIN/AppData/Local/vcpkg/downloads/madler-zlib-v1.3.1.tar.gz
-- Applying patch 0001-Prevent-invalid-inclusions-when-HAVE_-is-set-to-0.patch
-- Applying patch 0002-build-static-or-shared-not-both.patch
-- Applying patch 0003-android-and-mingw-fixes.patch
-- Using source at E:/VisualStudioProjects/BackupRestoreSolution/BackupRestoreSolution/vcpkg_installed/vcpkg/blds/zlib/src/v1.3.1-2e5db616bf.clean
-- Found external ninja('1.12.1').
-- Configuring x64-windows
-- Building x64-windows-dbg
-- Building x64-windows-rel
-- Installing: E:/VisualStudioProjects/BackupRestoreSolution/BackupRestoreSolution/vcpkg_installed/vcpkg/pkgs/zlib_x64-windows/share/zlib/vcpkg-cmake-wrapper.cmake
-- Fixing pkgconfig file: E:/VisualStudioProjects/BackupRestoreSolution/BackupRestoreSolution/vcpkg_installed/vcpkg/pkgs/zlib_x64-windows/lib/pkgconfig/zlib.pc
Downloading msys2-mingw-w64-x86_64-pkgconf-1~2.4.3-1-any.pkg.tar.zst, trying https://mirror.msys2.org/mingw/mingw64/mingw-w64-x86_64-pkgconf-1~2.4.3-1-any.pkg.tar.zst
Successfully downloaded msys2-mingw-w64-x86_64-pkgconf-1~2.4.3-1-any.pkg.tar.zst
Downloading msys2-msys2-runtime-3.6.2-2-x86_64.pkg.tar.zst, trying https://mirror.msys2.org/msys/x86_64/msys2-runtime-3.6.2-2-x86_64.pkg.tar.zst
Successfully downloaded msys2-msys2-runtime-3.6.2-2-x86_64.pkg.tar.zst
-- Using msys root at C:/Users/mdail.COMPADMIN/AppData/Local/vcpkg/downloads/tools/msys2/9272adbcaf19caef
-- Fixing pkgconfig file: E:/VisualStudioProjects/BackupRestoreSolution/BackupRestoreSolution/vcpkg_installed/vcpkg/pkgs/zlib_x64-windows/debug/lib/pkgconfig/zlib.pc
-- Installing: E:/VisualStudioProjects/BackupRestoreSolution/BackupRestoreSolution/vcpkg_installed/vcpkg/pkgs/zlib_x64-windows/share/zlib/copyright
-- Performing post-build validation
